🧪 Testing stream processing debug...

Using conversation ID: test-stream-debug-1754527371840
❌ Test failed: fetch failed
